ncsim(64): 15.20-s031: (c) Copyright 1995-2017 Cadence Design Systems, Inc.

-------------------------------------
Relinquished control to SimVision...
ncsim> 
ncsim> database -open waves -into waves.shm -default
Created default SHM database waves
ncsim> probe -create -shm sync_fifo_patterns_ascii_v_ctl._bit_count sync_fifo_patterns_ascii_v_ctl._DIAG_file_header sync_fifo_patterns_ascii_v_ctl._MASK_file_header sync_fifo_patterns_ascii_v_ctl._MGCDFT_VECTYPE sync_fifo_patterns_ascii_v_ctl._allow_bad_message_index sync_fifo_patterns_ascii_v_ctl._cfg_file_name sync_fifo_patterns_ascii_v_ctl._chain0_start sync_fifo_patterns_ascii_v_ctl._chain1_start sync_fifo_patterns_ascii_v_ctl._chain2_start sync_fifo_patterns_ascii_v_ctl._chain_test_ sync_fifo_patterns_ascii_v_ctl._change_out_path sync_fifo_patterns_ascii_v_ctl._change_path sync_fifo_patterns_ascii_v_ctl._compare_fail sync_fifo_patterns_ascii_v_ctl._config_file sync_fifo_patterns_ascii_v_ctl._cycle_count sync_fifo_patterns_ascii_v_ctl._diag_chain_header sync_fifo_patterns_ascii_v_ctl._diag_file sync_fifo_patterns_ascii_v_ctl._diag_scan_header sync_fifo_patterns_ascii_v_ctl._do_compare sync_fifo_patterns_ascii_v_ctl._end_after_setup sync_fifo_patterns_ascii_v_ctl._end_pat sync_fifo_patterns_ascii_v_ctl._end_simulation sync_fifo_patterns_ascii_v_ctl._end_vec_file_ok sync_fifo_patterns_ascii_v_ctl._exp_chain0_sobus sync_fifo_patterns_ascii_v_ctl._exp_chain1_sobus sync_fifo_patterns_ascii_v_ctl._exp_chain2_sobus sync_fifo_patterns_ascii_v_ctl._exp_obus sync_fifo_patterns_ascii_v_ctl._fail_pattern_cnt sync_fifo_patterns_ascii_v_ctl._file_check sync_fifo_patterns_ascii_v_ctl._file_cnt sync_fifo_patterns_ascii_v_ctl._found_fail sync_fifo_patterns_ascii_v_ctl._found_fail_obus sync_fifo_patterns_ascii_v_ctl._found_fail_per_cycle sync_fifo_patterns_ascii_v_ctl._frc_chain0_sibus sync_fifo_patterns_ascii_v_ctl._frc_chain1_sibus sync_fifo_patterns_ascii_v_ctl._frc_chain2_sibus sync_fifo_patterns_ascii_v_ctl._fsdb_dump_file_name sync_fifo_patterns_ascii_v_ctl._fstat sync_fifo_patterns_ascii_v_ctl._ibus sync_fifo_patterns_ascii_v_ctl._in_chaintest sync_fifo_patterns_ascii_v_ctl._in_range sync_fifo_patterns_ascii_v_ctl._in_restart sync_fifo_patterns_ascii_v_ctl._in_testsetup sync_fifo_patterns_ascii_v_ctl._index sync_fifo_patterns_ascii_v_ctl._last_fail_pattern sync_fifo_patterns_ascii_v_ctl._mask_file sync_fifo_patterns_ascii_v_ctl._max_file_cnt sync_fifo_patterns_ascii_v_ctl._max_index sync_fifo_patterns_ascii_v_ctl._message_index sync_fifo_patterns_ascii_v_ctl._miscompare_limit sync_fifo_patterns_ascii_v_ctl._msk_chain0_sobus sync_fifo_patterns_ascii_v_ctl._msk_chain1_sobus sync_fifo_patterns_ascii_v_ctl._msk_chain2_sobus sync_fifo_patterns_ascii_v_ctl._msk_obus sync_fifo_patterns_ascii_v_ctl._nam_obus sync_fifo_patterns_ascii_v_ctl._name_sobus sync_fifo_patterns_ascii_v_ctl._new_filename sync_fifo_patterns_ascii_v_ctl._new_out_path sync_fifo_patterns_ascii_v_ctl._new_path sync_fifo_patterns_ascii_v_ctl._no_setup sync_fifo_patterns_ascii_v_ctl._override_cfg sync_fifo_patterns_ascii_v_ctl._par_shift_cnt sync_fifo_patterns_ascii_v_ctl._pat_num sync_fifo_patterns_ascii_v_ctl._pat_type sync_fifo_patterns_ascii_v_ctl._pattern_count sync_fifo_patterns_ascii_v_ctl._procedure_string sync_fifo_patterns_ascii_v_ctl._qwave_dump_file_name sync_fifo_patterns_ascii_v_ctl._repeat_count sync_fifo_patterns_ascii_v_ctl._repeat_count_nest sync_fifo_patterns_ascii_v_ctl._repeat_depth sync_fifo_patterns_ascii_v_ctl._report_bit_cnt sync_fifo_patterns_ascii_v_ctl._restart_state sync_fifo_patterns_ascii_v_ctl._run_testsetup sync_fifo_patterns_ascii_v_ctl._save_cycle_count sync_fifo_patterns_ascii_v_ctl._save_index sync_fifo_patterns_ascii_v_ctl._save_state sync_fifo_patterns_ascii_v_ctl._scan_index sync_fifo_patterns_ascii_v_ctl._sim_chain0_sobus sync_fifo_patterns_ascii_v_ctl._sim_chain1_sobus sync_fifo_patterns_ascii_v_ctl._sim_chain2_sobus sync_fifo_patterns_ascii_v_ctl._sim_obus sync_fifo_patterns_ascii_v_ctl._skipped_patterns sync_fifo_patterns_ascii_v_ctl._start_pat sync_fifo_patterns_ascii_v_ctl._tmp_filename sync_fifo_patterns_ascii_v_ctl._tp_num sync_fifo_patterns_ascii_v_ctl._utvcd_dump_file_name sync_fifo_patterns_ascii_v_ctl._vcd_dump_file_name sync_fifo_patterns_ascii_v_ctl._vec_file_name sync_fifo_patterns_ascii_v_ctl._vec_pat_count sync_fifo_patterns_ascii_v_ctl._write_DIAG_file sync_fifo_patterns_ascii_v_ctl._write_MASK_file sync_fifo_patterns_ascii_v_ctl.before_finish sync_fifo_patterns_ascii_v_ctl.clk_i sync_fifo_patterns_ascii_v_ctl.compare_exp_sim_chain0_sobus sync_fifo_patterns_ascii_v_ctl.compare_exp_sim_chain1_sobus sync_fifo_patterns_ascii_v_ctl.compare_exp_sim_chain2_sobus sync_fifo_patterns_ascii_v_ctl.compare_exp_sim_obus sync_fifo_patterns_ascii_v_ctl.empty_o sync_fifo_patterns_ascii_v_ctl.error_o sync_fifo_patterns_ascii_v_ctl.force_frc_chain0_sibus sync_fifo_patterns_ascii_v_ctl.force_frc_chain1_sibus sync_fifo_patterns_ascii_v_ctl.force_frc_chain2_sibus sync_fifo_patterns_ascii_v_ctl.full_o sync_fifo_patterns_ascii_v_ctl.mem sync_fifo_patterns_ascii_v_ctl.mem_vect sync_fifo_patterns_ascii_v_ctl.mgcdft_clock_proc sync_fifo_patterns_ascii_v_ctl.mgcdft_launch_capture sync_fifo_patterns_ascii_v_ctl.mgcdft_load_unload sync_fifo_patterns_ascii_v_ctl.mgcdft_master_observe sync_fifo_patterns_ascii_v_ctl.mgcdft_restart_signal sync_fifo_patterns_ascii_v_ctl.mgcdft_save_signal sync_fifo_patterns_ascii_v_ctl.mgcdft_seq_transparent sync_fifo_patterns_ascii_v_ctl.mgcdft_shadow_control sync_fifo_patterns_ascii_v_ctl.mgcdft_shadow_observe sync_fifo_patterns_ascii_v_ctl.mgcdft_shift sync_fifo_patterns_ascii_v_ctl.mgcdft_shift_extra sync_fifo_patterns_ascii_v_ctl.mgcdft_single_shift sync_fifo_patterns_ascii_v_ctl.mgcdft_skew_load sync_fifo_patterns_ascii_v_ctl.mgcdft_test_end sync_fifo_patterns_ascii_v_ctl.mgcdft_test_setup sync_fifo_patterns_ascii_v_ctl.mgcdft_unknown sync_fifo_patterns_ascii_v_ctl.@{\rd_data_o[0] } sync_fifo_patterns_ascii_v_ctl.@{\rd_data_o[1] } sync_fifo_patterns_ascii_v_ctl.@{\rd_data_o[2] } sync_fifo_patterns_ascii_v_ctl.@{\rd_data_o[3] } sync_fifo_patterns_ascii_v_ctl.@{\rd_data_o[4] } sync_fifo_patterns_ascii_v_ctl.@{\rd_data_o[5] } sync_fifo_patterns_ascii_v_ctl.@{\rd_data_o[6] } sync_fifo_patterns_ascii_v_ctl.@{\rd_data_o[7] } sync_fifo_patterns_ascii_v_ctl.rd_en_i sync_fifo_patterns_ascii_v_ctl.release_frc_chain0_sibus sync_fifo_patterns_ascii_v_ctl.release_frc_chain1_sibus sync_fifo_patterns_ascii_v_ctl.release_frc_chain2_sibus sync_fifo_patterns_ascii_v_ctl.rst_i sync_fifo_patterns_ascii_v_ctl.scan_en sync_fifo_patterns_ascii_v_ctl.set_vector_type sync_fifo_patterns_ascii_v_ctl.@{\ts_si[0] } sync_fifo_patterns_ascii_v_ctl.@{\ts_si[1] } sync_fifo_patterns_ascii_v_ctl.@{\ts_si[2] } sync_fifo_patterns_ascii_v_ctl.@{\ts_so[0] } sync_fifo_patterns_ascii_v_ctl.@{\ts_so[1] } sync_fifo_patterns_ascii_v_ctl.@{\ts_so[2] } sync_fifo_patterns_ascii_v_ctl.vect sync_fifo_patterns_ascii_v_ctl.@{\wr_data_i[0] } sync_fifo_patterns_ascii_v_ctl.@{\wr_data_i[1] } sync_fifo_patterns_ascii_v_ctl.@{\wr_data_i[2] } sync_fifo_patterns_ascii_v_ctl.@{\wr_data_i[3] } sync_fifo_patterns_ascii_v_ctl.@{\wr_data_i[4] } sync_fifo_patterns_ascii_v_ctl.@{\wr_data_i[5] } sync_fifo_patterns_ascii_v_ctl.@{\wr_data_i[6] } sync_fifo_patterns_ascii_v_ctl.@{\wr_data_i[7] } sync_fifo_patterns_ascii_v_ctl.wr_en_i
ncsim: *W,PRUASZ: Unpacked array at "sync_fifo_patterns_ascii_v_ctl.mem" of 894784 elements exceeds limit of 16384 - not probed
 Use 'probe -create -unpacked 894784 sync_fifo_patterns_ascii_v_ctl.mem'.
ncsim: *E,DBOBBD: Cannot create SHM probe for sync_fifo_patterns_ascii_v_ctl.mem.
Created probe 1
ncsim> probe -create -shm sync_fifo_patterns_ascii_v_ctl.mem
ncsim: *W,PRUASZ: Unpacked array at "sync_fifo_patterns_ascii_v_ctl.mem" of 894784 elements exceeds limit of 16384 - not probed
 Use 'probe -create -unpacked 894784 sync_fifo_patterns_ascii_v_ctl.mem'.
ncsim: *E,DBOBBD: Cannot create SHM probe for sync_fifo_patterns_ascii_v_ctl.mem.
ncsim> run
Loading patterns_ascii.v.po.name
Loading patterns_ascii.v.chain.name
Loading patterns_ascii.v.0.vec

Begin chain test

End chain test

No error between simulated and expected patterns

Simulation complete via $finish(1) at time 10842 NS + 1
./patterns_ascii.v:1915 $finish;
ncsim> ^C
ncsim> exit
...Regained control from SimVision
-------------------------------------
ncsim: Memory Usage - 36.4M program + 236.9M data = 273.3M total (276.8M Peak)
ncsim: CPU Usage - 0.3s system + 0.3s user = 0.6s total (28.4s, 2.2% cpu)
