============================================================
  Generated by:           Genus(TM) Synthesis Solution 16.23-s049_1
  Generated on:           Sep 18 2026  02:27:25 pm
  Module:                 sync_fifo
  Technology library:     slow_vdd1v0 1.0
  Operating conditions:   PVT_0P9V_125C (balanced_tree)
  Wireload mode:          enclosed
  Area mode:              timing library
============================================================

                               
   Gate    Instances    Area       Library    
----------------------------------------------
AND2X1             5     6.840    slow_vdd1v0 
AND2X6             1     3.762    slow_vdd1v0 
AND3X6             1     4.446    slow_vdd1v0 
AO22XL           136   372.096    slow_vdd1v0 
AOI21X1            2     3.420    slow_vdd1v0 
AOI221X1           9    21.546    slow_vdd1v0 
AOI222X1           8    24.624    slow_vdd1v0 
AOI22X1           14    28.728    slow_vdd1v0 
AOI22XL           32    65.664    slow_vdd1v0 
DFFHQX1            8    43.776    slow_vdd1v0 
DFFHQX8            9    83.106    slow_vdd1v0 
DFFQXL           130   711.360    slow_vdd1v0 
INVX1             19    12.996    slow_vdd1v0 
MX2XL              1     2.394    slow_vdd1v0 
NAND2BX1           1     1.368    slow_vdd1v0 
NAND2X1           26    26.676    slow_vdd1v0 
NAND3X1            3     5.130    slow_vdd1v0 
NAND4BX1           8    19.152    slow_vdd1v0 
NAND4XL            8    13.680    slow_vdd1v0 
NOR2BX1           11    15.048    slow_vdd1v0 
NOR2X1            32    32.832    slow_vdd1v0 
NOR3X1             3     5.130    slow_vdd1v0 
NOR4X1             1     1.710    slow_vdd1v0 
OAI21X1            7    11.970    slow_vdd1v0 
OAI221X1           2     4.788    slow_vdd1v0 
OAI22X1            7    14.364    slow_vdd1v0 
OAI2BB1X1          1     1.710    slow_vdd1v0 
OAI32X1            1     2.394    slow_vdd1v0 
OR2XL              1     1.368    slow_vdd1v0 
OR4X1              3     6.156    slow_vdd1v0 
XNOR2X1            3     7.182    slow_vdd1v0 
----------------------------------------------
total            493  1555.416                


                                         
     Type      Instances   Area   Area % 
-----------------------------------------
sequential           147  838.242   53.9 
inverter              19   12.996    0.8 
logic                327  704.178   45.3 
physical_cells         0    0.000    0.0 
-----------------------------------------
total                493 1555.416  100.0 

