============================================================
  Generated by:           Genus(TM) Synthesis Solution 16.23-s049_1
  Generated on:           Sep 18 2026  02:27:25 pm
  Module:                 sync_fifo
  Technology library:     slow_vdd1v0 1.0
  Operating conditions:   PVT_0P9V_125C (balanced_tree)
  Wireload mode:          enclosed
  Area mode:              timing library
============================================================

	Timing
	------

 Slack  Endpoint Cost Group 
---------------------------------
+1019ps empty_o  clk_i      


	Area
	----

 Instance Module  Cells  Cell Area  Net Area   Total Area  Wireload     
------------------------------------------------------------------------
sync_fifo           493       1555         0         1555    <none> (D) 

 (D) = wireload is default in technology library

	Design Rule Check
	-----------------

Max_transition design rule: no violations.

Max_capacitance design rule: no violations.



