ncsim(64): 15.20-s031: (c) Copyright 1995-2017 Cadence Design Systems, Inc.

-------------------------------------
Relinquished control to SimVision...
ncsim> 
ncsim> database -open waves -into waves.shm -default
Created default SHM database waves
ncsim> probe -create -shm testbench.clk_i testbench.checking_enabled testbench.checks testbench.empty_o testbench.error_o testbench.errors testbench.full_o testbench.g_empty testbench.g_error_exp testbench.g_full testbench.g_rd_data_exp testbench.g_rd_ptr testbench.g_wr_ptr testbench.gmem testbench.i testbench.rand_data testbench.rd_data_o testbench.rd_en_i testbench.rst_i testbench.wr_data_i testbench.wr_en_i
Created probe 1
ncsim> run
[35000] --- Fill test ---
[350000] --- Overflow test ---
[371000] --- Drain test ---
[690000] --- Underflow test ---
[710000] --- Randomized stress test ---
[2720000] --- Simultaneous read+write test ---
=====================================================
TEST PASSED  (329 checks, 0 errors)
=====================================================
Simulation complete via $finish(1) at time 3030 NS + 0
./fifo_tb.v:289     $finish;
ncsim> ^C
ncsim> exit
...Regained control from SimVision
-------------------------------------
ncsim: Memory Usage - 36.4M program + 202.1M data = 238.5M total (242.0M Peak)
ncsim: CPU Usage - 0.5s system + 0.2s user = 0.7s total (49.5s, 1.5% cpu)
