============================================================
  Generated by:           Genus(TM) Synthesis Solution 16.23-s049_1
  Generated on:           Sep 18 2026  11:56:18 am
  Module:                 sync_fifo_edt_top
  Technology library:     slow_vdd1v0 1.0
  Operating conditions:   PVT_0P9V_125C (balanced_tree)
  Wireload mode:          enclosed
  Area mode:              timing library
============================================================

            Instance                       Module            Cells  Cell Area  Net Area   Total Area  Wireload     
-------------------------------------------------------------------------------------------------------------------
sync_fifo_edt_top                                               76        294         0          294    <none> (D) 
  sync_fifo_edt_i                sync_fifo_edt                  76        294         0          294    <none> (D) 
    sync_fifo_edt_decompressor_i sync_fifo_edt_decompressor     56        225         0          225    <none> (D) 
    sync_fifo_edt_controller_i   sync_fifo_edt_controller       11         50         0           50    <none> (D) 
    sync_fifo_edt_bypass_logic_i sync_fifo_edt_bypass_logic      6         14         0           14    <none> (D) 
    sync_fifo_edt_compactor_i    sync_fifo_edt_compactor         3          4         0            4    <none> (D) 

 (D) = wireload is default in technology library
============================================================
  Generated by:           Genus(TM) Synthesis Solution 16.23-s049_1
  Generated on:           Sep 18 2026  11:56:18 am
  Module:                 sync_fifo_edt_top
  Technology library:     slow_vdd1v0 1.0
  Operating conditions:   PVT_0P9V_125C (balanced_tree)
  Wireload mode:          enclosed
  Area mode:              timing library
============================================================

Max_transition design rule: no violations.


Max_capacitance design rule: no violations.


Max_fanout design rule: no constraints.



============================================================
  Generated by:           Genus(TM) Synthesis Solution 16.23-s049_1
  Generated on:           Sep 18 2026  11:56:18 am
  Module:                 sync_fifo_edt_top
  Technology library:     slow_vdd1v0 1.0
  Operating conditions:   PVT_0P9V_125C (balanced_tree)
  Wireload mode:          enclosed
  Area mode:              timing library
============================================================

             Pin                     Type     Fanout Load Slew Delay Arrival   
                                                     (fF) (ps)  (ps)   (ps)    
-------------------------------------------------------------------------------
(clock edt_clock)                   launch                                 0 R 
sync_fifo_edt_i
  sync_fifo_edt_decompressor_i
    lfsm_vec_reg[6]/CK                                       0             0 R 
    lfsm_vec_reg[6]/Q               DFFHQX1        3  1.0   37  +204     204 F 
    lfsm_vec_lockup_reg[6]/D   <<<  DFFNSRX1                      +0     204   
    lfsm_vec_lockup_reg[6]/CKN      setup                    0  +158     363 F 
- - - - - - - - - - - - - - - - - - - - - - - - - - - - - - - - - - - - - - - -
(clock edt_clock)                   capture                             5000 F 
-------------------------------------------------------------------------------
Timing slack :    4637ps 
Start-point  : sync_fifo_edt_i/sync_fifo_edt_decompressor_i/lfsm_vec_reg[6]/CK
End-point    : sync_fifo_edt_i/sync_fifo_edt_decompressor_i/lfsm_vec_lockup_reg[6]/D
============================================================
  Generated by:           Genus(TM) Synthesis Solution 16.23-s049_1
  Generated on:           Sep 18 2026  11:56:18 am
  Module:                 sync_fifo_edt_top
  Technology library:     slow_vdd1v0 1.0
  Operating conditions:   PVT_0P9V_125C (balanced_tree)
  Wireload mode:          enclosed
  Area mode:              timing library
============================================================

                             
  Gate    Instances   Area       Library    
--------------------------------------------
AND2X1            3    4.104    slow_vdd1v0 
DFFHQX1          12   65.664    slow_vdd1v0 
DFFNSRX1          9   83.106    slow_vdd1v0 
DFFQXL            8   43.776    slow_vdd1v0 
MX2XL             6   14.364    slow_vdd1v0 
NOR2BX1          11   15.048    slow_vdd1v0 
NOR2X1            9    9.234    slow_vdd1v0 
SDFFQX1           3   22.572    slow_vdd1v0 
XNOR2X1          15   35.910    slow_vdd1v0 
--------------------------------------------
total            76  293.778                


                                        
     Type      Instances   Area  Area % 
----------------------------------------
sequential            32 215.118   73.2 
logic_abstract         1   0.000    0.0 
logic                 44  78.660   26.8 
physical_cells         0   0.000    0.0 
----------------------------------------
total                 77 293.778  100.0 

